---
http_interactions:
- request:
    method: get
    uri: https://cdo-v3-sources.s3.amazonaws.com/?encoding-type=url&prefix=sources_test/7de237b8/1/1/
    body:
      encoding: UTF-8
      string: ''
    headers:
      Content-Length:
      - '0'
  response:
    status:
      code: 200
      message: OK
    headers:
      Date:
      - Tue, 03 Jul 2018 17:09:39 GMT
      X-Amz-Bucket-Region:
      - us-east-1
      Content-Type:
      - application/xml
      Transfer-Encoding:
      - chunked
      Server:
      - AmazonS3
    body:
      encoding: UTF-8
      string: |-
        <?xml version="1.0" encoding="UTF-8"?>
        <ListBucketResult xmlns="http://s3.amazonaws.com/doc/2006-03-01/"><Name>cdo-v3-sources</Name><Prefix>sources_test/7de237b8/1/1/</Prefix><Marker></Marker><MaxKeys>1000</MaxKeys><EncodingType>url</EncodingType><IsTruncated>false</IsTruncated></ListBucketResult>
    http_version: 
  recorded_at: Tue, 03 Jul 2018 17:09:38 GMT
- request:
    method: put
    uri: https://cdo-v3-sources.s3.amazonaws.com/sources_test/7de237b8/1/1/main.json
    body:
      encoding: ASCII-8BIT
      string: version 1
    headers:
      X-Amz-Meta-Abuse-Score:
      - '0'
      Expect:
      - 100-continue
      Content-Md5:
      - 2z7AQOIN/GV9q1EK6rdHWQ==
      Content-Length:
      - '9'
  response:
    status:
      code: 200
      message: OK
    headers:
      Date:
      - Tue, 03 Jul 2018 17:09:39 GMT
      X-Amz-Version-Id:
      - I73A0TxMqY2lM9wy0ykgxvWeI9Y3CmwB
      Etag:
      - '"db3ec040e20dfc657dab510aeab74759"'
      Content-Length:
      - '0'
      Server:
      - AmazonS3
    body:
      encoding: UTF-8
      string: ''
    http_version: 
  recorded_at: Tue, 03 Jul 2018 17:09:38 GMT
- request:
    method: get
    uri: https://cdo-v3-sources.s3.amazonaws.com/?encoding-type=url&prefix=sources_test/7de237b8/1/1/
    body:
      encoding: UTF-8
      string: ''
    headers:
      Content-Length:
      - '0'
  response:
    status:
      code: 200
      message: OK
    headers:
      Date:
      - Tue, 03 Jul 2018 17:09:41 GMT
      X-Amz-Bucket-Region:
      - us-east-1
      Content-Type:
      - application/xml
      Transfer-Encoding:
      - chunked
      Server:
      - AmazonS3
    body:
      encoding: UTF-8
      string: |-
        <?xml version="1.0" encoding="UTF-8"?>
        <ListBucketResult xmlns="http://s3.amazonaws.com/doc/2006-03-01/"><Name>cdo-v3-sources</Name><Prefix>sources_test/7de237b8/1/1/</Prefix><Marker></Marker><MaxKeys>1000</MaxKeys><EncodingType>url</EncodingType><IsTruncated>false</IsTruncated><Contents><Key>sources_test/7de237b8/1/1/main.json</Key><LastModified>2018-07-03T17:09:39.000Z</LastModified><ETag>&quot;db3ec040e20dfc657dab510aeab74759&quot;</ETag><Size>9</Size><Owner><ID>cf6bd5437eaccbf2d79d5d40694e94c727ef59eb29caa52acbc32daffeb8e9e4</ID><DisplayName>site</DisplayName></Owner><StorageClass>STANDARD</StorageClass></Contents></ListBucketResult>
    http_version: 
  recorded_at: Tue, 03 Jul 2018 17:09:39 GMT
- request:
    method: put
    uri: https://cdo-v3-sources.s3.amazonaws.com/sources_test/7de237b8/1/1/main.json
    body:
      encoding: ASCII-8BIT
      string: version 2
    headers:
      X-Amz-Meta-Abuse-Score:
      - '0'
      Expect:
      - 100-continue
      Content-Md5:
      - 1Moe11ceLnsfHDdb1Q+iIA==
      Content-Length:
      - '9'
  response:
    status:
      code: 200
      message: OK
    headers:
      Date:
      - Tue, 03 Jul 2018 17:09:41 GMT
      X-Amz-Version-Id:
      - gaUutNazM.cl2M4yoBUJLIC5WbaJt9B9
      Etag:
      - '"d4ca1ed7571e2e7b1f1c375bd50fa220"'
      Content-Length:
      - '0'
      Server:
      - AmazonS3
    body:
      encoding: UTF-8
      string: ''
    http_version: 
  recorded_at: Tue, 03 Jul 2018 17:09:39 GMT
- request:
    method: get
    uri: https://cdo-v3-sources.s3.amazonaws.com/?encoding-type=url&prefix=sources_test/7de237b8/1/1/
    body:
      encoding: UTF-8
      string: ''
    headers:
      Content-Length:
      - '0'
  response:
    status:
      code: 200
      message: OK
    headers:
      Date:
      - Tue, 03 Jul 2018 17:09:42 GMT
      X-Amz-Bucket-Region:
      - us-east-1
      Content-Type:
      - application/xml
      Transfer-Encoding:
      - chunked
      Server:
      - AmazonS3
    body:
      encoding: UTF-8
      string: |-
        <?xml version="1.0" encoding="UTF-8"?>
        <ListBucketResult xmlns="http://s3.amazonaws.com/doc/2006-03-01/"><Name>cdo-v3-sources</Name><Prefix>sources_test/7de237b8/1/1/</Prefix><Marker></Marker><MaxKeys>1000</MaxKeys><EncodingType>url</EncodingType><IsTruncated>false</IsTruncated><Contents><Key>sources_test/7de237b8/1/1/main.json</Key><LastModified>2018-07-03T17:09:41.000Z</LastModified><ETag>&quot;d4ca1ed7571e2e7b1f1c375bd50fa220&quot;</ETag><Size>9</Size><Owner><ID>cf6bd5437eaccbf2d79d5d40694e94c727ef59eb29caa52acbc32daffeb8e9e4</ID><DisplayName>site</DisplayName></Owner><StorageClass>STANDARD</StorageClass></Contents></ListBucketResult>
    http_version: 
  recorded_at: Tue, 03 Jul 2018 17:09:41 GMT
- request:
    method: get
    uri: https://cdo-v3-sources.s3.amazonaws.com/?encoding-type=url&prefix=sources_test/7de237b8/1/1/main.json&versions
    body:
      encoding: UTF-8
      string: ''
    headers:
      Content-Length:
      - '0'
  response:
    status:
      code: 200
      message: OK
    headers:
      Date:
      - Tue, 03 Jul 2018 17:09:42 GMT
      Content-Type:
      - application/xml
      Transfer-Encoding:
      - chunked
      Server:
      - AmazonS3
    body:
      encoding: UTF-8
      string: |-
        <?xml version="1.0" encoding="UTF-8"?>
        <ListVersionsResult xmlns="http://s3.amazonaws.com/doc/2006-03-01/"><Name>cdo-v3-sources</Name><Prefix>sources_test/7de237b8/1/1/main.json</Prefix><KeyMarker></KeyMarker><VersionIdMarker></VersionIdMarker><MaxKeys>1000</MaxKeys><EncodingType>url</EncodingType><IsTruncated>false</IsTruncated><Version><Key>sources_test/7de237b8/1/1/main.json</Key><VersionId>gaUutNazM.cl2M4yoBUJLIC5WbaJt9B9</VersionId><IsLatest>true</IsLatest><LastModified>2018-07-03T17:09:41.000Z</LastModified><ETag>&quot;d4ca1ed7571e2e7b1f1c375bd50fa220&quot;</ETag><Size>9</Size><Owner><ID>cf6bd5437eaccbf2d79d5d40694e94c727ef59eb29caa52acbc32daffeb8e9e4</ID><DisplayName>site</DisplayName></Owner><StorageClass>STANDARD</StorageClass></Version><Version><Key>sources_test/7de237b8/1/1/main.json</Key><VersionId>I73A0TxMqY2lM9wy0ykgxvWeI9Y3CmwB</VersionId><IsLatest>false</IsLatest><LastModified>2018-07-03T17:09:39.000Z</LastModified><ETag>&quot;db3ec040e20dfc657dab510aeab74759&quot;</ETag><Size>9</Size><Owner><ID>cf6bd5437eaccbf2d79d5d40694e94c727ef59eb29caa52acbc32daffeb8e9e4</ID><DisplayName>site</DisplayName></Owner><StorageClass>STANDARD</StorageClass></Version></ListVersionsResult>
    http_version: 
  recorded_at: Tue, 03 Jul 2018 17:09:41 GMT
- request:
    method: get
    uri: https://cdo-v3-sources.s3.amazonaws.com/?encoding-type=url&prefix=sources_test/7de237b8/1/1/main.json&versions
    body:
      encoding: UTF-8
      string: ''
    headers:
      Content-Length:
      - '0'
  response:
    status:
      code: 200
      message: OK
    headers:
      Date:
      - Tue, 03 Jul 2018 17:09:43 GMT
      Content-Type:
      - application/xml
      Transfer-Encoding:
      - chunked
      Server:
      - AmazonS3
    body:
      encoding: UTF-8
      string: |-
        <?xml version="1.0" encoding="UTF-8"?>
        <ListVersionsResult xmlns="http://s3.amazonaws.com/doc/2006-03-01/"><Name>cdo-v3-sources</Name><Prefix>sources_test/7de237b8/1/1/main.json</Prefix><KeyMarker></KeyMarker><VersionIdMarker></VersionIdMarker><MaxKeys>1000</MaxKeys><EncodingType>url</EncodingType><IsTruncated>false</IsTruncated><Version><Key>sources_test/7de237b8/1/1/main.json</Key><VersionId>gaUutNazM.cl2M4yoBUJLIC5WbaJt9B9</VersionId><IsLatest>true</IsLatest><LastModified>2018-07-03T17:09:41.000Z</LastModified><ETag>&quot;d4ca1ed7571e2e7b1f1c375bd50fa220&quot;</ETag><Size>9</Size><Owner><ID>cf6bd5437eaccbf2d79d5d40694e94c727ef59eb29caa52acbc32daffeb8e9e4</ID><DisplayName>site</DisplayName></Owner><StorageClass>STANDARD</StorageClass></Version><Version><Key>sources_test/7de237b8/1/1/main.json</Key><VersionId>I73A0TxMqY2lM9wy0ykgxvWeI9Y3CmwB</VersionId><IsLatest>false</IsLatest><LastModified>2018-07-03T17:09:39.000Z</LastModified><ETag>&quot;db3ec040e20dfc657dab510aeab74759&quot;</ETag><Size>9</Size><Owner><ID>cf6bd5437eaccbf2d79d5d40694e94c727ef59eb29caa52acbc32daffeb8e9e4</ID><DisplayName>site</DisplayName></Owner><StorageClass>STANDARD</StorageClass></Version></ListVersionsResult>
    http_version: 
  recorded_at: Tue, 03 Jul 2018 17:09:42 GMT
- request:
    method: post
    uri: https://cdo-v3-sources.s3.amazonaws.com/?delete
    body:
      encoding: UTF-8
      string: |
        <Delete xmlns="http://s3.amazonaws.com/doc/2006-03-01/">
          <Object>
            <Key>sources_test/7de237b8/1/1/main.json</Key>
            <VersionId>gaUutNazM.cl2M4yoBUJLIC5WbaJt9B9</VersionId>
          </Object>
          <Object>
            <Key>sources_test/7de237b8/1/1/main.json</Key>
            <VersionId>I73A0TxMqY2lM9wy0ykgxvWeI9Y3CmwB</VersionId>
          </Object>
          <Quiet>true</Quiet>
        </Delete>
    headers:
      Expect:
      - 100-continue
      Content-Md5:
      - uy+EcKBfyfvqZjgjDaOIFA==
      Content-Length:
      - '357'
  response:
    status:
      code: 200
      message: OK
    headers:
      Date:
      - Tue, 03 Jul 2018 17:09:43 GMT
      Connection:
      - close
      Content-Type:
      - application/xml
      Transfer-Encoding:
      - chunked
      Server:
      - AmazonS3
    body:
      encoding: UTF-8
      string: |-
        <?xml version="1.0" encoding="UTF-8"?>
        <DeleteResult xmlns="http://s3.amazonaws.com/doc/2006-03-01/"></DeleteResult>
    http_version: 
  recorded_at: Tue, 03 Jul 2018 17:09:42 GMT
- request:
    method: get
    uri: https://cdo-v3-sources.s3.amazonaws.com/?encoding-type=url&prefix=sources_test/7de237b8/1/1/
    body:
      encoding: UTF-8
      string: ''
    headers:
      Content-Length:
      - '0'
  response:
    status:
      code: 200
      message: OK
    headers:
      Date:
      - Tue, 03 Jul 2018 17:09:44 GMT
      X-Amz-Bucket-Region:
      - us-east-1
      Content-Type:
      - application/xml
      Transfer-Encoding:
      - chunked
      Server:
      - AmazonS3
    body:
      encoding: UTF-8
      string: |-
        <?xml version="1.0" encoding="UTF-8"?>
        <ListBucketResult xmlns="http://s3.amazonaws.com/doc/2006-03-01/"><Name>cdo-v3-sources</Name><Prefix>sources_test/7de237b8/1/1/</Prefix><Marker></Marker><MaxKeys>1000</MaxKeys><EncodingType>url</EncodingType><IsTruncated>false</IsTruncated></ListBucketResult>
    http_version: 
  recorded_at: Tue, 03 Jul 2018 17:09:43 GMT
- request:
    method: get
    uri: https://cdo-v3-animations.s3.amazonaws.com/?encoding-type=url&prefix=animations_test/1/1/
    body:
      encoding: UTF-8
      string: ''
    headers:
      Content-Length:
      - '0'
  response:
    status:
      code: 200
      message: OK
    headers:
      Date:
      - Tue, 03 Jul 2018 17:09:44 GMT
      X-Amz-Bucket-Region:
      - us-east-1
      Content-Type:
      - application/xml
      Transfer-Encoding:
      - chunked
      Server:
      - AmazonS3
    body:
      encoding: UTF-8
      string: |-
        <?xml version="1.0" encoding="UTF-8"?>
        <ListBucketResult xmlns="http://s3.amazonaws.com/doc/2006-03-01/"><Name>cdo-v3-animations</Name><Prefix>animations_test/1/1/</Prefix><Marker></Marker><MaxKeys>1000</MaxKeys><EncodingType>url</EncodingType><IsTruncated>false</IsTruncated></ListBucketResult>
    http_version: 
  recorded_at: Tue, 03 Jul 2018 17:09:43 GMT
recorded_with: VCR 3.0.3
